layout: /home/manuel/code/wesen/2026-09-04--gatemate-symbolic/ttmp/2026/09/04/GATEMATE-SYMBOLIC-007--laboratory-3-elastic-dataflow-expression-engine/reference/slips/PLAN2-start.yaml
dry_run: false
height: 696
layout_member: PLAN2-start.yaml
ok: true
printed: true
printer_response:
    ok: true
rendered_at: "2026-09-05T00:17:48Z"
response:
    height: 696
    ok: true
    printed: true
    printerResponse:
        ok: true
    renderedAt: "2026-09-05T00:17:48Z"
    width: 384
source_kind: file
status_code: 200
url: https://almanach.crib.scapegoat.dev/api/render-and-print
width: 384

---

printed: yes
