layout: /home/manuel/code/wesen/2026-09-04--gatemate-symbolic/ttmp/2026/09/04/GATEMATE-SYMBOLIC-006--graph-coloring-search-microscope-with-go-react-and-fpga-event-stepping/reference/slips/P1-done.yaml
dry_run: false
height: 528
layout_member: P1-done.yaml
ok: true
printed: true
printer_response:
    ok: true
rendered_at: "2026-09-04T22:35:03Z"
response:
    height: 528
    ok: true
    printed: true
    printerResponse:
        ok: true
    renderedAt: "2026-09-04T22:35:03Z"
    width: 384
source_kind: file
status_code: 200
url: https://almanach.crib.scapegoat.dev/api/render-and-print
width: 384

---

printed: yes
